###############################################################################
#
# IAR ELF Linker V8.22.2.15995/W32 for ARM                21/Jan/2019  13:57:30
# Copyright 2007-2018 IAR Systems AB.
#
#    Output file  =  
#        D:\Project\Mentally retarded car\KV58 For mentally retarded car\KV58
#        For mentally retarded car V0.371\debug\gpio_example.out
#    Map file     =  
#        D:\Project\Mentally retarded car\KV58 For mentally retarded car\KV58
#        For mentally retarded car V0.371\debug\list\gpio_example.map
#    Command line =  
#        -f C:\Users\20386\AppData\Local\Temp\EW2874.tmp ("D:\Project\Mentally
#        retarded car\KV58 For mentally retarded car\KV58 For mentally retarded
#        car V0.371\debug\obj\APPmain.o" "D:\Project\Mentally retarded car\KV58
#        For mentally retarded car\KV58 For mentally retarded car
#        V0.371\debug\obj\fsl_clock_manager.o" "D:\Project\Mentally retarded
#        car\KV58 For mentally retarded car\KV58 For mentally retarded car
#        V0.371\debug\obj\fsl_clock_manager_common.o" "D:\Project\Mentally
#        retarded car\KV58 For mentally retarded car\KV58 For mentally retarded
#        car V0.371\debug\obj\fsl_clock_MKV58F24.o" "D:\Project\Mentally
#        retarded car\KV58 For mentally retarded car\KV58 For mentally retarded
#        car V0.371\debug\obj\fsl_debug_console.o" "D:\Project\Mentally
#        retarded car\KV58 For mentally retarded car\KV58 For mentally retarded
#        car V0.371\debug\obj\fsl_dmamux_hal.o" "D:\Project\Mentally retarded
#        car\KV58 For mentally retarded car\KV58 For mentally retarded car
#        V0.371\debug\obj\fsl_hsadc_common.o" "D:\Project\Mentally retarded
#        car\KV58 For mentally retarded car\KV58 For mentally retarded car
#        V0.371\debug\obj\fsl_hsadc_driver.o" "D:\Project\Mentally retarded
#        car\KV58 For mentally retarded car\KV58 For mentally retarded car
#        V0.371\debug\obj\fsl_hsadc_hal.o" "D:\Project\Mentally retarded
#        car\KV58 For mentally retarded car\KV58 For mentally retarded car
#        V0.371\debug\obj\fsl_hwtimer.o" "D:\Project\Mentally retarded car\KV58
#        For mentally retarded car\KV58 For mentally retarded car
#        V0.371\debug\obj\fsl_hwtimer_pit.o" "D:\Project\Mentally retarded
#        car\KV58 For mentally retarded car\KV58 For mentally retarded car
#        V0.371\debug\obj\fsl_hwtimer_systick.o" "D:\Project\Mentally retarded
#        car\KV58 For mentally retarded car\KV58 For mentally retarded car
#        V0.371\debug\obj\fsl_hwtimer_systick_irq.o" "D:\Project\Mentally
#        retarded car\KV58 For mentally retarded car\KV58 For mentally retarded
#        car V0.371\debug\obj\fsl_interrupt_manager.o" "D:\Project\Mentally
#        retarded car\KV58 For mentally retarded car\KV58 For mentally retarded
#        car V0.371\debug\obj\fsl_interrupt_manager_common.o"
#        "D:\Project\Mentally retarded car\KV58 For mentally retarded car\KV58
#        For mentally retarded car
#        V0.371\debug\obj\fsl_interrupt_manager_irq.o" "D:\Project\Mentally
#        retarded car\KV58 For mentally retarded car\KV58 For mentally retarded
#        car V0.371\debug\obj\fsl_llwu_hal.o" "D:\Project\Mentally retarded
#        car\KV58 For mentally retarded car\KV58 For mentally retarded car
#        V0.371\debug\obj\fsl_mcg_hal.o" "D:\Project\Mentally retarded car\KV58
#        For mentally retarded car\KV58 For mentally retarded car
#        V0.371\debug\obj\fsl_mcg_hal_modes.o" "D:\Project\Mentally retarded
#        car\KV58 For mentally retarded car\KV58 For mentally retarded car
#        V0.371\debug\obj\fsl_misc_utilities.o" "D:\Project\Mentally retarded
#        car\KV58 For mentally retarded car\KV58 For mentally retarded car
#        V0.371\debug\obj\fsl_mscm_hal.o" "D:\Project\Mentally retarded
#        car\KV58 For mentally retarded car\KV58 For mentally retarded car
#        V0.371\debug\obj\fsl_osc_hal.o" "D:\Project\Mentally retarded car\KV58
#        For mentally retarded car\KV58 For mentally retarded car
#        V0.371\debug\obj\fsl_port_hal.o" "D:\Project\Mentally retarded
#        car\KV58 For mentally retarded car\KV58 For mentally retarded car
#        V0.371\debug\obj\fsl_power_manager.o" "D:\Project\Mentally retarded
#        car\KV58 For mentally retarded car\KV58 For mentally retarded car
#        V0.371\debug\obj\fsl_rcm_hal.o" "D:\Project\Mentally retarded car\KV58
#        For mentally retarded car\KV58 For mentally retarded car
#        V0.371\debug\obj\fsl_sim_hal_MKV58F24.o" "D:\Project\Mentally retarded
#        car\KV58 For mentally retarded car\KV58 For mentally retarded car
#        V0.371\debug\obj\fsl_smc_hal.o" "D:\Project\Mentally retarded car\KV58
#        For mentally retarded car\KV58 For mentally retarded car
#        V0.371\debug\obj\LPTMR.o" "D:\Project\Mentally retarded car\KV58 For
#        mentally retarded car\KV58 For mentally retarded car
#        V0.371\debug\obj\LQ12864SPI.o" "D:\Project\Mentally retarded car\KV58
#        For mentally retarded car\KV58 For mentally retarded car
#        V0.371\debug\obj\LQ9AX.o" "D:\Project\Mentally retarded car\KV58 For
#        mentally retarded car\KV58 For mentally retarded car
#        V0.371\debug\obj\LQ_KEY.o" "D:\Project\Mentally retarded car\KV58 For
#        mentally retarded car\KV58 For mentally retarded car
#        V0.371\debug\obj\LQ_LED.o" "D:\Project\Mentally retarded car\KV58 For
#        mentally retarded car\KV58 For mentally retarded car
#        V0.371\debug\obj\LQ_PLL.o" "D:\Project\Mentally retarded car\KV58 For
#        mentally retarded car\KV58 For mentally retarded car
#        V0.371\debug\obj\LQ_SGP18T.o" "D:\Project\Mentally retarded car\KV58
#        For mentally retarded car\KV58 For mentally retarded car
#        V0.371\debug\obj\LQADC.o" "D:\Project\Mentally retarded car\KV58 For
#        mentally retarded car\KV58 For mentally retarded car
#        V0.371\debug\obj\LQDMA.o" "D:\Project\Mentally retarded car\KV58 For
#        mentally retarded car\KV58 For mentally retarded car
#        V0.371\debug\obj\LQFTM.o" "D:\Project\Mentally retarded car\KV58 For
#        mentally retarded car\KV58 For mentally retarded car
#        V0.371\debug\obj\LQGPIO.o" "D:\Project\Mentally retarded car\KV58 For
#        mentally retarded car\KV58 For mentally retarded car
#        V0.371\debug\obj\LQI2C.o" "D:\Project\Mentally retarded car\KV58 For
#        mentally retarded car\KV58 For mentally retarded car
#        V0.371\debug\obj\LQIIC6050.o" "D:\Project\Mentally retarded car\KV58
#        For mentally retarded car\KV58 For mentally retarded car
#        V0.371\debug\obj\LQMT9V034.o" "D:\Project\Mentally retarded car\KV58
#        For mentally retarded car\KV58 For mentally retarded car
#        V0.371\debug\obj\LQPIT.o" "D:\Project\Mentally retarded car\KV58 For
#        mentally retarded car\KV58 For mentally retarded car
#        V0.371\debug\obj\LQUART.o" "D:\Project\Mentally retarded car\KV58 For
#        mentally retarded car\KV58 For mentally retarded car
#        V0.371\debug\obj\LQWDOG.o" "D:\Project\Mentally retarded car\KV58 For
#        mentally retarded car\KV58 For mentally retarded car
#        V0.371\debug\obj\menu.o" "D:\Project\Mentally retarded car\KV58 For
#        mentally retarded car\KV58 For mentally retarded car
#        V0.371\debug\obj\PID.o" "D:\Project\Mentally retarded car\KV58 For
#        mentally retarded car\KV58 For mentally retarded car
#        V0.371\debug\obj\pin_mux.o" "D:\Project\Mentally retarded car\KV58 For
#        mentally retarded car\KV58 For mentally retarded car
#        V0.371\debug\obj\print_scan.o" "D:\Project\Mentally retarded car\KV58
#        For mentally retarded car\KV58 For mentally retarded car
#        V0.371\debug\obj\startup.o" "D:\Project\Mentally retarded car\KV58 For
#        mentally retarded car\KV58 For mentally retarded car
#        V0.371\debug\obj\startup_MKV58F24.o" "D:\Project\Mentally retarded
#        car\KV58 For mentally retarded car\KV58 For mentally retarded car
#        V0.371\debug\obj\system_MKV58F24.o" --redirect
#        _Printf=_PrintfSmallNoMb --redirect _Scanf=_ScanfSmallNoMb -o
#        "D:\Project\Mentally retarded car\KV58 For mentally retarded car\KV58
#        For mentally retarded car V0.371\debug\gpio_example.out" --config_def
#        __stack_size__=0x2000 --config_def __heap_size__=0x2000 --map
#        "D:\Project\Mentally retarded car\KV58 For mentally retarded car\KV58
#        For mentally retarded car V0.371\debug\list\gpio_example.map" --config
#        "D:\Project\Mentally retarded car\KV58 For mentally retarded car\KV58
#        For mentally retarded car
#        V0.371/LQuser/devices/linker/MKV58F1M0xxx24_ram.icf" --semihosting
#        --entry __iar_program_start --vfe --text_out locale)
#
###############################################################################

*******************************************************************************
*** RUNTIME MODEL ATTRIBUTES
***

CppFlavor       = *
__SystemLibrary = DLib
__dlib_version  = 6


*******************************************************************************
*** HEAP SELECTION
***

The basic heap was selected because no calls to memory allocation
functions were found in the application outside of system library
functions, and there are calls to deallocation functions in the
application.


*******************************************************************************
*** PLACEMENT SUMMARY
***

"A0":  place at 0x00000000 { ro section .intvec };
"P1":  place in [from 0x00000000 to 0x000003ff] |
                [from 0x00000400 to 0x0000ffff] { ro };
define block RW { rw };
"P2":  place in [from 0x20000000 to 0x2001dfff] { block RW };
define block ZI { zi };
"P3":  place in [from 0x20000000 to 0x2001dfff] { block ZI };
define block CSTACK with size = 8K, alignment = 8 { };
"P5":  place in [from 0x2001e000 to 0x2001ffff] { block CSTACK };

No sections matched the following patterns:

  section m_ocram  in "P6"


  Section          Kind        Address    Size  Object
  -------          ----        -------    ----  ------
"A0":                                    0x400
  .intvec          ro code  0x00000000   0x400  startup_MKV58F24.o [1]
                          - 0x00000400   0x400

"P1":                                   0x5038
  .text            ro code  0x00000400   0x948  menu.o [1]
  .text            ro code  0x00000d48    0xfc  LQ_KEY.o [1]
  .text            ro code  0x00000e44    0x6c  LPTMR.o [1]
  .text            ro code  0x00000eb0   0x4dc  LQ12864SPI.o [1]
  Veneer           ro code  0x0000138c     0x8  - Linker created -
  Veneer           ro code  0x00001394     0x8  - Linker created -
  .text            ro code  0x0000139c   0x68a  LQMT9V034.o [1]
  .text            ro code  0x00001a26     0xa  xsprout.o [3]
  .text            ro code  0x00001a30    0x40  sprintf.o [3]
  .text            ro code  0x00001a70   0x178  DblAdd.o [4]
  .text            ro code  0x00001be8   0x1a2  DblMul.o [4]
  .text            ro code  0x00001d8a     0x2  startup_MKV58F24.o [1]
  .text            ro code  0x00001d8c    0x3a  DblToS32.o [4]
  .text            ro code  0x00001dc6     0x2  startup_MKV58F24.o [1]
  .text            ro code  0x00001dc8    0xd4  LQGPIO.o [1]
  .text            ro code  0x00001e9c   0x1e0  LQ_LED.o [1]
  .text            ro code  0x0000207c    0x1a  U32ToDbl.o [4]
  .text            ro code  0x00002096     0x2  startup_MKV58F24.o [1]
  .text            ro code  0x00002098   0x246  DblDiv.o [4]
  .text            ro code  0x000022de     0x2  startup_MKV58F24.o [1]
  .text            ro code  0x000022e0    0x22  S32ToDbl.o [4]
  .text            ro code  0x00002302     0x2  startup_MKV58F24.o [1]
  .text            ro code  0x00002304    0xe2  DblSub.o [4]
  .text            ro code  0x000023e6     0x2  startup_MKV58F24.o [1]
  .text            ro code  0x000023e8    0x2e  DblCmpLe.o [4]
  .text            ro code  0x00002416     0x2  startup_MKV58F24.o [1]
  .text            ro code  0x00002418   0x4d4  xprintfsmall_nomb.o [3]
  .text            ro code  0x000028ec    0x16  strchr.o [5]
  .text            ro code  0x00002902     0x2  startup_MKV58F24.o [1]
  .text            ro code  0x00002904    0x40  xfail_s.o [3]
  .text            ro code  0x00002944    0x36  strlen.o [5]
  .text            ro code  0x0000297c    0x58  memchr.o [5]
  .text            ro code  0x000029d4     0x6  abort.o [3]
  .text            ro code  0x000029dc    0x14  exit.o [6]
  .text            ro code  0x000029f0   0x638  LQFTM.o [1]
  .rodata          const    0x00003028   0x5f0  LQ12864SPI.o [1]
  .text            ro code  0x00003618   0x4c4  fsl_mcg_hal_modes.o [1]
  .text            ro code  0x00003adc   0x338  fsl_mcg_hal.o [1]
  .text            ro code  0x00003e14   0x31c  fsl_clock_manager.o [1]
  .text            ro code  0x00004130    0x24  ABIassert.o [6]
  .text            ro code  0x00004154     0xc  fsl_osc_hal.o [1]
  .text            ro code  0x00004160   0x304  LQUART.o [1]
  .text            ro code  0x00004464   0x23c  PID.o [1]
  .rodata          const    0x000046a0   0x228  LQ12864SPI.o [1]
  .text            ro code  0x000048c8   0x19c  LQ_PLL.o [1]
  .text            ro code  0x00004a64   0x180  fsl_smc_hal.o [1]
  .text            ro code  0x00004be4    0xc8  fsl_clock_MKV58F24.o [1]
  .text            ro code  0x00004cac    0x86  ABImemcpy.o [5]
  .text            ro code  0x00004d34    0x3a  fsl_sim_hal_MKV58F24.o [1]
  .text            ro code  0x00004d70   0x118  LQPIT.o [1]
  .text            ro code  0x00004e88    0xc8  system_MKV58F24.o [1]
  .rodata          const    0x00004f50    0x8c  fsl_clock_MKV58F24.o [1]
  .rodata          const    0x00004fdc    0x88  fsl_clock_manager.o [1]
  .text            ro code  0x00005064    0x70  APPmain.o [1]
  .text            ro code  0x000050d4    0x44  fsl_hwtimer_systick.o [1]
  .text            ro code  0x00005118    0x44  startup.o [1]
  .rodata          const    0x0000515c    0x40  fsl_clock_manager.o [1]
  .text            ro code  0x0000519c    0x40  zero_init3.o [5]
  .text            ro code  0x000051dc    0x28  data_init.o [5]
  .text            ro code  0x00005204    0x22  fpinit_M.o [4]
  .iar.init_table  const    0x00005228    0x10  - Linker created -
  .text            ro code  0x00005238    0x1e  cmain.o [5]
  .text            ro code  0x00005256     0x4  low_level_init.o [3]
  .text            ro code  0x0000525a     0x4  exit.o [3]
  .text            ro code  0x00005260     0xa  cexit.o [5]
  .text            ro code  0x0000526c    0x1c  startup_MKV58F24.o [1]
  .rodata          const    0x00005288    0x18  LQ_PLL.o [1]
  .rodata          const    0x000052a0    0x18  LQ_PLL.o [1]
  .rodata          const    0x000052b8    0x18  LQ_PLL.o [1]
  .rodata          const    0x000052d0    0x18  LQ_PLL.o [1]
  .rodata          const    0x000052e8    0x18  LQ_PLL.o [1]
  .rodata          const    0x00005300    0x18  LQ_PLL.o [1]
  .rodata          const    0x00005318    0x10  fsl_mcg_hal.o [1]
  .rodata          const    0x00005328    0x10  LQ_PLL.o [1]
  .rodata          const    0x00005338    0x10  menu.o [1]
  .rodata          const    0x00005348    0x10  menu.o [1]
  .rodata          const    0x00005358    0x10  menu.o [1]
  .rodata          const    0x00005368    0x10  menu.o [1]
  .rodata          const    0x00005378    0x10  menu.o [1]
  .rodata          const    0x00005388    0x10  menu.o [1]
  .rodata          const    0x00005398    0x10  menu.o [1]
  .rodata          const    0x000053a8    0x10  menu.o [1]
  .text            ro code  0x000053b8    0x10  fsl_hwtimer_systick_irq.o [1]
  FlashConfig      ro code  0x000053c8    0x10  startup_MKV58F24.o [1]
  .rodata          const    0x000053d8     0xc  menu.o [1]
  .text            ro code  0x000053e4     0xc  cstartup_M.o [5]
  .rodata          const    0x000053f0     0x8  fsl_clock_manager.o [1]
  .rodata          const    0x000053f8     0x8  fsl_clock_MKV58F24.o [1]
  .rodata          const    0x00005400     0x8  LQ_PLL.o [1]
  .rodata          const    0x00005408     0x8  menu.o [1]
  .rodata          const    0x00005410     0x8  menu.o [1]
  .rodata          const    0x00005418     0x8  menu.o [1]
  .rodata          const    0x00005420     0x8  menu.o [1]
  .rodata          const    0x00005428     0x8  menu.o [1]
  .rodata          const    0x00005430     0x4  fsl_clock_manager_common.o [1]
  .text            ro code  0x00005434     0x4  startup_MKV58F24.o [1]
  .rodata          const    0x00005438     0x0  zero_init3.o [5]
                          - 0x00005438  0x5038

"P2-P3":                                0x9bb4
  RW                        0x20000000    0xce  <Block>
    .data          rw data  0x20000000     0x4  fsl_mcg_hal.o [1]
    .data          rw data  0x20000004     0x4  fsl_mcg_hal.o [1]
    .data          rw data  0x20000008    0x14  LQGPIO.o [1]
    .data          rw data  0x2000001c    0x18  LQUART.o [1]
    .data          rw data  0x20000034     0x4  system_MKV58F24.o [1]
    .textrw        ro code  0x20000038    0x94  LQMT9V034.o [1]
    .data          rw data  0x200000cc     0x2  PID.o [1]
  ZI                        0x200000d0  0x9ae4  <Block>
    .bss           zero     0x200000d0    0x28  PID.o [1]
    .bss           zero     0x200000f8    0x28  PID.o [1]
    .bss           zero     0x20000120    0x28  PID.o [1]
    .bss           zero     0x20000148     0x4  fsl_hwtimer_systick.o [1]
    .bss           zero     0x2000014c     0x4  fsl_mcg_hal.o [1]
    .bss           zero     0x20000150     0x4  LQ_PLL.o [1]
    .bss           zero     0x20000154     0x4  LQ_PLL.o [1]
    .bss           zero     0x20000158  0x5820  LQMT9V034.o [1]
    .bss           zero     0x20005978  0x1608  LQMT9V034.o [1]
    .bss           zero     0x20006f80  0x2c10  LQMT9V034.o [1]
    .bss           zero     0x20009b90     0x4  LQMT9V034.o [1]
    .bss           zero     0x20009b94     0x4  LQMT9V034.o [1]
    .bss           zero     0x20009b98     0x4  LQMT9V034.o [1]
    .bss           zero     0x20009b9c     0x4  xfail_s.o [3]
    .bss           zero     0x20009ba0     0x2  LQPIT.o [1]
    .bss           zero     0x20009ba2     0x2  LQPIT.o [1]
    .bss           zero     0x20009ba4     0x2  menu.o [1]
    .bss           zero     0x20009ba6     0x2  menu.o [1]
    .bss           zero     0x20009ba8     0x2  menu.o [1]
    .bss           zero     0x20009baa     0x2  PID.o [1]
    .bss           zero     0x20009bac     0x2  PID.o [1]
    .bss           zero     0x20009bae     0x2  PID.o [1]
    .bss           zero     0x20009bb0     0x1  LQMT9V034.o [1]
    .bss           zero     0x20009bb1     0x1  LQMT9V034.o [1]
    .bss           zero     0x20009bb2     0x1  LQMT9V034.o [1]
                          - 0x20009bb4  0x9bb4

"P5":                                   0x2000
  CSTACK                    0x2001e000  0x2000  <Block>
    CSTACK         uninit   0x2001e000  0x2000  <Block tail>
                          - 0x20020000  0x2000


*******************************************************************************
*** INIT TABLE
***

          Address     Size
          -------     ----
Zero (__iar_zero_init3)
    1 destination range, total size 0x9ae3:
          0x200000d0  0x9ae3



*******************************************************************************
*** MODULE SUMMARY
***

    Module                      ro code  rw code  ro data  rw data
    ------                      -------  -------  -------  -------
D:\Project\Mentally retarded car\KV58 For mentally retarded car\KV58 For mentally retarded car V0.371\debug\obj: [1]
    APPmain.o                       112
    LPTMR.o                         108
    LQ12864SPI.o                  1 244             2 072
    LQFTM.o                       1 592
    LQGPIO.o                        212                         20
    LQMT9V034.o                   1 674      148            39 495
    LQPIT.o                         280                          4
    LQUART.o                        772                         24
    LQ_KEY.o                        252
    LQ_LED.o                        480
    LQ_PLL.o                        412               168        8
    PID.o                           572                        128
    fsl_clock_MKV58F24.o            200               148
    fsl_clock_manager.o             796               208
    fsl_clock_manager_common.o                          4
    fsl_hwtimer_systick.o            68                          4
    fsl_hwtimer_systick_irq.o        16
    fsl_mcg_hal.o                   824                16       12
    fsl_mcg_hal_modes.o           1 220
    fsl_osc_hal.o                    12
    fsl_sim_hal_MKV58F24.o           58
    fsl_smc_hal.o                   384
    menu.o                        2 376               180        6
    startup.o                        68
    startup_MKV58F24.o            1 088
    system_MKV58F24.o               200                          4
    --------------------------------------------------------------
    Total:                       15 020      148    2 796   39 705

command line: [2]
    --------------------------------------------------------------
    Total:

dl7M_tln.a: [3]
    abort.o                           6
    exit.o                            4
    low_level_init.o                  4
    sprintf.o                        64
    xfail_s.o                        64                          4
    xprintfsmall_nomb.o           1 236
    xsprout.o                        10
    --------------------------------------------------------------
    Total:                        1 388                          4

m7M_tls.a: [4]
    DblAdd.o                        376
    DblCmpLe.o                       46
    DblDiv.o                        582
    DblMul.o                        418
    DblSub.o                        226
    DblToS32.o                       58
    S32ToDbl.o                       34
    U32ToDbl.o                       26
    fpinit_M.o                       34
    --------------------------------------------------------------
    Total:                        1 800

rt7M_tl.a: [5]
    ABImemcpy.o                     134
    cexit.o                          10
    cmain.o                          30
    cstartup_M.o                     12
    data_init.o                      40
    memchr.o                         88
    strchr.o                         22
    strlen.o                         54
    zero_init3.o                     64
    --------------------------------------------------------------
    Total:                          454

shb_l.a: [6]
    ABIassert.o                      36
    exit.o                           20
    --------------------------------------------------------------
    Total:                           56

    Gaps                             12                 2
    Linker created                   16                16    8 192
------------------------------------------------------------------
    Grand Total:                 18 746      148    2 814   47 901


*******************************************************************************
*** ENTRY LIST
***

Entry                      Address    Size  Type      Object
-----                      -------    ----  ----      ------
.iar.init_table$$Base   0x00005228           --   Gb  - Linker created -
.iar.init_table$$Limit  0x00005238           --   Gb  - Linker created -
?main                   0x00005239          Code  Gb  cmain.o [5]
BOARD_InitOsc0          0x00004a05    0x18  Code  Gb  LQ_PLL.o [1]
BinaryImage             0x000019dd    0x4a  Code  Gb  LQMT9V034.o [1]
CLOCK_HAL_EnablePll0InFllMode
                        0x00003d29    0x34  Code  Gb  fsl_mcg_hal.o [1]
CLOCK_HAL_GetClkOutStat
                        0x00003e21     0xe  Code  Lc  fsl_clock_manager.o [1]
CLOCK_HAL_GetClkOutStat
                        0x00003add     0xe  Code  Lc  fsl_mcg_hal.o [1]
CLOCK_HAL_GetClkOutStat
                        0x00003619     0xe  Code  Lc  fsl_mcg_hal_modes.o [1]
CLOCK_HAL_GetFllClk     0x00003c25    0x40  Code  Gb  fsl_mcg_hal.o [1]
CLOCK_HAL_GetFllRefClk  0x00003ba3    0x42  Code  Gb  fsl_mcg_hal.o [1]
CLOCK_HAL_GetFllSrc     0x00003627     0xc  Code  Lc  fsl_mcg_hal_modes.o [1]
CLOCK_HAL_GetInternalRefClk
                        0x00003d5d    0x36  Code  Gb  fsl_mcg_hal.o [1]
CLOCK_HAL_GetInternalRefClkMode
                        0x00003e4b     0xc  Code  Lc  fsl_clock_manager.o [1]
CLOCK_HAL_GetInternalRefClkMode
                        0x00003af5     0xc  Code  Lc  fsl_mcg_hal.o [1]
CLOCK_HAL_GetInternalRefClkMode
                        0x00003633     0xc  Code  Lc  fsl_mcg_hal_modes.o [1]
CLOCK_HAL_GetMcgExternalClkFreq
                        0x00003b67     0x8  Code  Lc  fsl_mcg_hal.o [1]
CLOCK_HAL_GetMcgMode    0x00003693    0xa6  Code  Gb  fsl_mcg_hal_modes.o [1]
CLOCK_HAL_GetOutClk     0x00003d93    0x3e  Code  Gb  fsl_mcg_hal.o [1]
CLOCK_HAL_GetOutDiv1    0x00004be5    0x12  Code  Lc  fsl_clock_MKV58F24.o [1]
CLOCK_HAL_GetPll0Clk    0x00003cdd    0x4c  Code  Gb  fsl_mcg_hal.o [1]
CLOCK_HAL_GetPll0RefFreq
                        0x00003cd5     0x8  Code  Gb  fsl_mcg_hal.o [1]
CLOCK_HAL_IsOsc0Stable  0x00003e63    0x18  Code  Lc  fsl_clock_manager.o [1]
CLOCK_HAL_IsOsc0Stable  0x00003b31    0x18  Code  Lc  fsl_mcg_hal.o [1]
CLOCK_HAL_IsOsc0Stable  0x0000367b    0x18  Code  Lc  fsl_mcg_hal_modes.o [1]
CLOCK_HAL_IsPll0Locked  0x00003b01    0x18  Code  Lc  fsl_mcg_hal.o [1]
CLOCK_HAL_IsPll0Locked  0x0000364b    0x18  Code  Lc  fsl_mcg_hal_modes.o [1]
CLOCK_HAL_IsPllSelected
                        0x00003b19    0x18  Code  Lc  fsl_mcg_hal.o [1]
CLOCK_HAL_IsPllSelected
                        0x00003663    0x18  Code  Lc  fsl_mcg_hal_modes.o [1]
CLOCK_HAL_PrepareOsc    0x00003b49    0x1e  Code  Gb  fsl_mcg_hal.o [1]
CLOCK_HAL_SetBlpeMode   0x00003a15    0x16  Code  Gb  fsl_mcg_hal_modes.o [1]
CLOCK_HAL_SetBlpiMode   0x000039db    0x3a  Code  Gb  fsl_mcg_hal_modes.o [1]
CLOCK_HAL_SetClkOutSrc  0x00003e15     0xc  Code  Lc  fsl_clock_manager.o [1]
CLOCK_HAL_SetExternalRefClock32kSrc
                        0x00004bf7     0xe  Code  Lc  fsl_clock_MKV58F24.o [1]
CLOCK_HAL_SetFbeMode    0x00003919    0xc2  Code  Gb  fsl_mcg_hal_modes.o [1]
CLOCK_HAL_SetFbiMode    0x00003861    0xb8  Code  Gb  fsl_mcg_hal_modes.o [1]
CLOCK_HAL_SetFeeMode    0x000037bf    0xa2  Code  Gb  fsl_mcg_hal_modes.o [1]
CLOCK_HAL_SetFeiMode    0x00003739    0x86  Code  Gb  fsl_mcg_hal_modes.o [1]
CLOCK_HAL_SetInternalRefClkEnableCmd
                        0x00003e2f     0xa  Code  Lc  fsl_clock_manager.o [1]
CLOCK_HAL_SetInternalRefClkEnableInStopCmd
                        0x00003e39     0x8  Code  Lc  fsl_clock_manager.o [1]
CLOCK_HAL_SetInternalRefClkMode
                        0x00003e41     0xa  Code  Lc  fsl_clock_manager.o [1]
CLOCK_HAL_SetInternalRefClkMode
                        0x00003aeb     0xa  Code  Lc  fsl_mcg_hal.o [1]
CLOCK_HAL_SetOsc0Mode   0x00003dd1    0x26  Code  Gb  fsl_mcg_hal.o [1]
CLOCK_HAL_SetOutDiv     0x00004d35    0x3a  Code  Gb  fsl_sim_hal_MKV58F24.o [1]
CLOCK_HAL_SetPbeMode    0x00003a2b    0x8a  Code  Gb  fsl_mcg_hal_modes.o [1]
CLOCK_HAL_SetPeeMode    0x00003ab5    0x1a  Code  Gb  fsl_mcg_hal_modes.o [1]
CLOCK_HAL_SetPll0EnableCmd
                        0x00003e57     0xc  Code  Lc  fsl_clock_manager.o [1]
CLOCK_HAL_SetPll0EnableCmd
                        0x0000363f     0xc  Code  Lc  fsl_mcg_hal_modes.o [1]
CLOCK_HAL_TestFllExternalRefFreq
                        0x00003b6f    0x34  Code  Gb  fsl_mcg_hal.o [1]
CLOCK_HAL_TestFllFreq   0x00003be5    0x40  Code  Gb  fsl_mcg_hal.o [1]
CLOCK_HAL_TestFllFreq::fllFactorTable
                        0x00005318    0x10  Data  Lc  fsl_mcg_hal.o [1]
CLOCK_HAL_UpdateFastClkInternalRefDiv
                        0x00003c65    0x70  Code  Gb  fsl_mcg_hal.o [1]
CLOCK_SYS_FllStableDelay
                        0x00003e9d    0x12  Code  Lc  fsl_clock_manager.o [1]
CLOCK_SYS_GetCoreClockFreq
                        0x00004c79    0x18  Code  Gb  fsl_clock_MKV58F24.o [1]
CLOCK_SYS_McgModeToIdx  0x00003eaf    0x34  Code  Lc  fsl_clock_manager.o [1]
CLOCK_SYS_OscInit       0x00004047    0x98  Code  Gb  fsl_clock_manager.o [1]
CLOCK_SYS_SetConfiguration
                        0x00004c27    0x52  Code  Gb  fsl_clock_MKV58F24.o [1]
CLOCK_SYS_SetMcgMode    0x00003ee3   0x164  Code  Gb  fsl_clock_manager.o [1]
CLOCK_SYS_SetOscerConfigration
                        0x000040df    0x2c  Code  Gb  fsl_clock_manager.o [1]
CLOCK_SYS_SetSimConfigration
                        0x00004c05    0x22  Code  Gb  fsl_clock_MKV58F24.o [1]
CSTACK$$Base            0x2001e000           --   Gb  - Linker created -
CSTACK$$Limit           0x20020000           --   Gb  - Linker created -
DMATransDataStart       0x20000039    0x44  Code  Gb  LQMT9V034.o [1]
Draw_Road               0x0000150d   0x160  Code  Gb  LQMT9V034.o [1]
F6x8                    0x000046a0   0x228  Data  Gb  LQ12864SPI.o [1]
F8X16                   0x00003028   0x5f0  Data  Gb  LQ12864SPI.o [1]
FTM_AB_Get              0x00002ee9     0xc  Code  Gb  LQFTM.o [1]
FTM_AB_Init             0x00002de9   0x100  Code  Gb  LQFTM.o [1]
FTM_PWM_Init            0x000029f1   0x1fc  Code  Gb  LQFTM.o [1]
Field_Over_Flag         0x20009bb2     0x1  Data  Gb  LQMT9V034.o [1]
GPIOX                   0x20000008    0x14  Data  Gb  LQGPIO.o [1]
GPIO_Get                0x00001e5f    0x1c  Code  Gb  LQGPIO.o [1]
GPIO_Init               0x00001dc9    0x88  Code  Gb  LQGPIO.o [1]
GPIO_Reverse            0x00001e51     0xe  Code  Gb  LQGPIO.o [1]
GetOSTU                 0x00001785   0x240  Code  Gb  LQMT9V034.o [1]
Get_01_Value            0x0000146f    0x9e  Code  Gb  LQMT9V034.o [1]
Get_Use_Image           0x2000007d    0x40  Code  Gb  LQMT9V034.o [1]
HWTIMER_SYS_SystickIsrAction
                        0x000050d5    0x3a  Code  Gb  fsl_hwtimer_systick.o [1]
Image_Data              0x20000158  0x5820  Data  Gb  LQMT9V034.o [1]
Image_Use               0x20005978  0x1608  Data  Gb  LQMT9V034.o [1]
KEY_Init                0x00000d49    0x40  Code  Gb  LQ_KEY.o [1]
KEY_Read                0x00000d89    0x42  Code  Gb  LQ_KEY.o [1]
LCD_CLS                 0x00001039    0x3c  Code  Gb  LQ12864SPI.o [1]
LCD_Fill                0x00000ff9    0x40  Code  Gb  LQ12864SPI.o [1]
LCD_Init                0x00001075   0x14c  Code  Gb  LQ12864SPI.o [1]
LCD_P6x8Str             0x000011c1    0x72  Code  Gb  LQ12864SPI.o [1]
LCD_P8x16Str            0x00001233    0xa0  Code  Gb  LQ12864SPI.o [1]
LCD_Set_Pos             0x00000fcf    0x2a  Code  Gb  LQ12864SPI.o [1]
LCD_Show_Frame100       0x000012d3    0xac  Code  Gb  LQ12864SPI.o [1]
LCD_WrCmd               0x00000f3d    0x92  Code  Gb  LQ12864SPI.o [1]
LCD_WrDat               0x00000eb1    0x8c  Code  Gb  LQ12864SPI.o [1]
LED_Ctrl                0x00001ed1   0x1a8  Code  Gb  LQ_LED.o [1]
LED_Init                0x00001e9d    0x34  Code  Gb  LQ_LED.o [1]
LPTMR0_IRQHandler       0x00000e91     0xe  Code  Gb  LPTMR.o [1]
LPTMR_delay_ms          0x00000e4f    0x42  Code  Gb  LPTMR.o [1]
Line_Cont               0x20009bb1     0x1  Data  Gb  LQMT9V034.o [1]
LoadInt                 0x0000263b    0x56  Code  Lc  xprintfsmall_nomb.o [3]
MT9V034                 0x00001423    0x4c  Code  Gb  LQMT9V034.o [1]
MotorLeftLocPIDCalc     0x00004547    0x92  Code  Gb  PID.o [1]
MotorRightLocPIDCalc    0x000045d9    0x92  Code  Gb  PID.o [1]
Motor_Duty              0x00002f55    0x48  Code  Gb  LQFTM.o [1]
Motor_Init              0x00002ef5    0x3c  Code  Gb  LQFTM.o [1]
NVIC_EnableIRQ          0x00004d71    0x14  Code  Lc  LQPIT.o [1]
OFFSET0                 0x20009b90     0x4  Data  Gb  LQMT9V034.o [1]
OFFSET1                 0x20009b94     0x4  Data  Gb  LQMT9V034.o [1]
OFFSET2                 0x20009b98     0x4  Data  Gb  LQMT9V034.o [1]
OSC_HAL_SetCapacitor    0x00004155     0xc  Code  Gb  fsl_osc_hal.o [1]
OSC_HAL_SetExternalRefClkCmd
                        0x00003e7b     0xa  Code  Lc  fsl_clock_manager.o [1]
OSC_HAL_SetExternalRefClkDiv
                        0x00003e8f     0xe  Code  Lc  fsl_clock_manager.o [1]
OSC_HAL_SetExternalRefClkInStopModeCmd
                        0x00003e85     0xa  Code  Lc  fsl_clock_manager.o [1]
PIDMotorLeft            0x200000f8    0x28  Data  Gb  PID.o [1]
PIDMotorRight           0x20000120    0x28  Data  Gb  PID.o [1]
PIDServo                0x200000d0    0x28  Data  Gb  PID.o [1]
PIT0_IRQHandler         0x00004df1    0x40  Code  Gb  LQPIT.o [1]
PIT1_IRQHandler         0x00004e31     0xe  Code  Gb  LQPIT.o [1]
PIT2_IRQHandler         0x00004e3f     0xe  Code  Gb  LQPIT.o [1]
PIT3_IRQHandler         0x00004e4d     0xe  Code  Gb  LQPIT.o [1]
PIT_Init                0x00004d85    0x6c  Code  Gb  LQPIT.o [1]
PLL150MHz               0x00005288    0x18  Data  Gb  LQ_PLL.o [1]
PLL180MHz               0x000052a0    0x18  Data  Gb  LQ_PLL.o [1]
PLL200MHz               0x000052b8    0x18  Data  Gb  LQ_PLL.o [1]
PLL235MHz               0x000052d0    0x18  Data  Gb  LQ_PLL.o [1]
PLL250MHz               0x000052e8    0x18  Data  Gb  LQ_PLL.o [1]
PLL275MHz               0x00005300    0x18  Data  Gb  LQ_PLL.o [1]
PLL_Init                0x000048cd   0x138  Code  Gb  LQ_PLL.o [1]
PORTB_IRQHandler        0x00000dcb    0x70  Code  Gb  LQ_KEY.o [1]
PORTD_IRQHandler        0x0000139d    0x86  Code  Gb  LQMT9V034.o [1]
PidSet                  0x00004465    0x6e  Code  Gb  PID.o [1]
Pixle                   0x20006f80  0x2c10  Data  Gb  LQMT9V034.o [1]
RW$$Base                0x20000000           --   Gb  - Linker created -
RW$$Limit               0x200000ce           --   Gb  - Linker created -
Region$$Table$$Base     0x00005228           --   Gb  - Linker created -
Region$$Table$$Limit    0x00005238           --   Gb  - Linker created -
SCB_EnableDCache        0x00004ead    0x54  Code  Lc  system_MKV58F24.o [1]
SCB_EnableICache        0x00004e89    0x24  Code  Lc  system_MKV58F24.o [1]
SERVOMEDIAN             0x200000cc     0x2  Data  Gb  PID.o [1]
SMC_HAL_GetStat         0x00004be1     0x4  Code  Gb  fsl_smc_hal.o [1]
SMC_HAL_SetMode         0x00004ab3   0x120  Code  Gb  fsl_smc_hal.o [1]
SMC_HAL_SetPowerModeHsrun
                        0x00004a99    0x1a  Code  Lc  fsl_smc_hal.o [1]
SMC_HAL_SetPowerModeRun
                        0x00004a65    0x1a  Code  Lc  fsl_smc_hal.o [1]
SMC_HAL_SetPowerModeVlpr
                        0x00004a7f    0x1a  Code  Lc  fsl_smc_hal.o [1]
SMC_HAL_SetProtection   0x000048c9     0x4  Code  Lc  LQ_PLL.o [1]
Seek_Road               0x0000166d    0xfe  Code  Gb  LQMT9V034.o [1]
ServoFTM_PWM_Init       0x00002bed   0x1fc  Code  Gb  LQFTM.o [1]
ServoLocPIDCalc         0x000044d3    0x74  Code  Gb  PID.o [1]
Servo_Duty              0x00002f9d     0x6  Code  Gb  LQFTM.o [1]
Servo_Init              0x00002f31    0x24  Code  Gb  LQFTM.o [1]
SysTick_Handler         0x000053b9    0x10  Code  Gb  fsl_hwtimer_systick_irq.o [1]
SystemCoreClock         0x20000034     0x4  Data  Gb  system_MKV58F24.o [1]
SystemInit              0x00004f01    0x30  Code  Gb  system_MKV58F24.o [1]
Threshold               0x20009bb0     0x1  Data  Gb  LQMT9V034.o [1]
UART0_RX_TX_IRQHandler  0x000043a1    0x14  Code  Gb  LQUART.o [1]
UART1_RX_TX_IRQHandler  0x000043b5    0x14  Code  Gb  LQUART.o [1]
UART2_RX_TX_IRQHandler  0x000043c9    0x14  Code  Gb  LQUART.o [1]
UART3_RX_TX_IRQHandler  0x000043dd    0x14  Code  Gb  LQUART.o [1]
UART4_RX_TX_IRQHandler  0x000043f1    0x1c  Code  Gb  LQUART.o [1]
UART5_RX_TX_IRQHandler  0x0000440d    0x14  Code  Gb  LQUART.o [1]
UARTN                   0x2000001c    0x18  Data  Gb  LQUART.o [1]
UART_Get_Char           0x00004365    0x20  Code  Gb  LQUART.o [1]
UART_Init               0x00004161   0x204  Code  Gb  LQUART.o [1]
UART_Put_Char           0x00004385    0x1c  Code  Gb  LQUART.o [1]
ZI$$Base                0x200000d0           --   Gb  - Linker created -
ZI$$Limit               0x20009bb4           --   Gb  - Linker created -
_LitobSmallNoMb         0x000027cd    0xce  Code  Lc  xprintfsmall_nomb.o [3]
_PrintfSmallNoMb        0x00002419   0x216  Code  Gb  xprintfsmall_nomb.o [3]
_PutcharsSmallNoMb      0x0000289b    0x2e  Code  Lc  xprintfsmall_nomb.o [3]
_PutfldSmallNoMb        0x00002691   0x13c  Code  Lc  xprintfsmall_nomb.o [3]
_SProut                 0x00001a27     0xa  Code  Gb  xsprout.o [3]
__RAM_VECTOR_TABLE_SIZE {Abs}
                        0x00000000          Data  Gb  command line/config [2]
__VECTOR_RAM {Abs}      0x00000000          Data  Gb  command line/config [2]
__VECTOR_TABLE {Abs}    0x00000000          Data  Gb  command line/config [2]
__Vectors               0x00000000           --   Gb  startup_MKV58F24.o [1]
__Vectors_End           0x00000400          Data  Gb  startup_MKV58F24.o [1]
__Vectors_Size {Abs}    0x00000400           --   Gb  startup_MKV58F24.o [1]
__aeabi_assert          0x00004131    0x24  Code  Gb  ABIassert.o [6]
__aeabi_cdcmple         0x000023e9          Code  Gb  DblCmpLe.o [4]
__aeabi_d2iz            0x00001d8d          Code  Gb  DblToS32.o [4]
__aeabi_dadd            0x00001a71          Code  Gb  DblAdd.o [4]
__aeabi_ddiv            0x00002099          Code  Gb  DblDiv.o [4]
__aeabi_dmul            0x00001be9          Code  Gb  DblMul.o [4]
__aeabi_dsub            0x00002305          Code  Gb  DblSub.o [4]
__aeabi_i2d             0x000022e1          Code  Gb  S32ToDbl.o [4]
__aeabi_memcpy4         0x00004cad          Code  Gb  ABImemcpy.o [5]
__aeabi_memcpy8         0x00004cad          Code  Gb  ABImemcpy.o [5]
__aeabi_ui2d            0x0000207d          Code  Gb  U32ToDbl.o [4]
__cmain                 0x00005239          Code  Gb  cmain.o [5]
__exit                  0x000029dd    0x14  Code  Gb  exit.o [6]
__iar_Fail_s            0x00002905    0x1c  Code  Gb  xfail_s.o [3]
__iar_Memchr            0x0000297d          Code  Gb  memchr.o [5]
__iar_Strchr            0x000028ed          Code  Gb  strchr.o [5]
__iar_dadd              0x00002315          Code  Gb  DblSub.o [4]
__iar_data_init3        0x000051dd    0x28  Code  Gb  data_init.o [5]
__iar_dsub              0x00001a81          Code  Gb  DblAdd.o [4]
__iar_dsubStart         0x00001a93          Code  Gb  DblAdd.o [4]
__iar_init_vfp          0x00005205          Code  Gb  fpinit_M.o [4]
__iar_program_start     0x000053e5          Code  Gb  cstartup_M.o [5]
__iar_systems$$module {Abs}
                        0x00000001          Data  Gb  command line/config [2]
__iar_zero_init3        0x0000519d    0x40  Code  Gb  zero_init3.o [5]
__low_level_init        0x00005257     0x4  Code  Gb  low_level_init.o [3]
__vector_table          0x00000000          Data  Gb  startup_MKV58F24.o [1]
__vector_table_0x1c     0x0000001c          Data  Gb  startup_MKV58F24.o [1]
_call_main              0x00005245          Code  Gb  cmain.o [5]
_exit                   0x00005261          Code  Gb  cexit.o [5]
_main                   0x00005253          Code  Gb  cmain.o [5]
abort                   0x000029d5     0x6  Code  Gb  abort.o [3]
bus_clk_M               0x20000154     0x4  Data  Gb  LQ_PLL.o [1]
core_clk_M              0x20000150     0x4  Data  Gb  LQ_PLL.o [1]
exit                    0x0000525b     0x4  Code  Gb  exit.o [3]
g_fastInternalRefClkFreq
                        0x20000000     0x4  Data  Gb  fsl_mcg_hal.o [1]
g_hwtimersSystick       0x20000148     0x4  Data  Lc  fsl_hwtimer_systick.o [1]
g_oscBase               0x00005430     0x4  Data  Gb  fsl_clock_manager_common.o [1]
g_slowInternalRefClkFreq
                        0x20000004     0x4  Data  Gb  fsl_mcg_hal.o [1]
g_xtal0ClkFreq          0x2000014c     0x4  Data  Gb  fsl_mcg_hal.o [1]
init_data_bss           0x00005119    0x44  Code  Gb  startup.o [1]
main                    0x00005065    0x70  Code  Gb  APPmain.o [1]
mcgModeMatrix           0x0000515c    0x40  Data  Lc  fsl_clock_manager.o [1]
memchr                  0x0000297d          Code  Gb  memchr.o [5]
menu                    0x00000401   0x948  Code  Gb  menu.o [1]
menuSelection           0x20009ba4     0x2  Data  Gb  menu.o [1]
menuSwitch              0x20009ba6     0x2  Data  Gb  menu.o [1]
sec_hand                0x20009b9c     0x4  Data  Lc  xfail_s.o [3]
servo                   0x20009baa     0x2  Data  Gb  PID.o [1]
speedLeft               0x20009bac     0x2  Data  Gb  PID.o [1]
speedLeftGet            0x20009ba0     0x2  Data  Gb  LQPIT.o [1]
speedRight              0x20009bae     0x2  Data  Gb  PID.o [1]
speedRightGet           0x20009ba2     0x2  Data  Gb  LQPIT.o [1]
sprintf                 0x00001a31    0x40  Code  Gb  sprintf.o [3]
strchr                  0x000028ed          Code  Gb  strchr.o [5]
strlen                  0x00002945          Code  Gb  strlen.o [5]
temp                    0x20009ba8     0x2  Data  Gb  menu.o [1]
time_delay_ms           0x00000e45     0xa  Code  Gb  LPTMR.o [1]


[1] = D:\Project\Mentally retarded car\KV58 For mentally retarded car\KV58 For mentally retarded car V0.371\debug\obj
[2] = command line
[3] = dl7M_tln.a
[4] = m7M_tls.a
[5] = rt7M_tl.a
[6] = shb_l.a

  18 746 bytes of readonly  code memory
     148 bytes of readwrite code memory
   2 814 bytes of readonly  data memory
  47 901 bytes of readwrite data memory

Errors: none
Warnings: none
